I'm sorry, but errors were detected in your script. Please correct the
errors listed below, and try again.


File "game/script.rpy", line 34: ATL statement contains two expressions in a row; is one of them a misspelled property? If not, separate them with pass.
    center 0.25
               ^

Ren'Py Version: Ren'Py 8.0.3.22090809
Wed Sep  4 21:15:06 2024
